.next/dev/types/validator.ts(225,31): error TS2344: Type 'typeof import("C:/Users/HomePC/Documents/Code/Timber/src/app/api/comments/[id]/route")' does not satisfy the constraint 'RouteHandlerConfig<"/api/comments/[id]">'.
  Types of property 'PUT' are incompatible.
    Type '(req: NextRequest, { params }: { params: { id: string; }; }) => Promise<NextResponse<{ error: string; code: string; }> | NextResponse<{ comment: Comment | null; }>>' is not assignable to type '(request: NextRequest, context: { params: Promise<{ id: string; }>; }) => void | Response | Promise<void | Response>'.
      Types of parameters '__1' and 'context' are incompatible.
        Type '{ params: Promise<{ id: string; }>; }' is not assignable to type '{ params: { id: string; }; }'.
          Types of property 'params' are incompatible.
            Property 'id' is missing in type 'Promise<{ id: string; }>' but required in type '{ id: string; }'.
.next/dev/types/validator.ts(288,31): error TS2344: Type 'typeof import("C:/Users/HomePC/Documents/Code/Timber/src/app/api/notifications/[id]/read/route")' does not satisfy the constraint 'RouteHandlerConfig<"/api/notifications/[id]/read">'.
  Types of property 'PUT' are incompatible.
    Type '(req: NextRequest, { params }: { params: { id: string; }; }) => Promise<NextResponse<{ error: string; code: string; }> | NextResponse<{ success: boolean; }>>' is not assignable to type '(request: NextRequest, context: { params: Promise<{ id: string; }>; }) => void | Response | Promise<void | Response>'.
      Types of parameters '__1' and 'context' are incompatible.
        Type '{ params: Promise<{ id: string; }>; }' is not assignable to type '{ params: { id: string; }; }'.
          Types of property 'params' are incompatible.
            Property 'id' is missing in type 'Promise<{ id: string; }>' but required in type '{ id: string; }'.
.next/dev/types/validator.ts(297,31): error TS2344: Type 'typeof import("C:/Users/HomePC/Documents/Code/Timber/src/app/api/notifications/[id]/route")' does not satisfy the constraint 'RouteHandlerConfig<"/api/notifications/[id]">'.
  Types of property 'DELETE' are incompatible.
    Type '(req: NextRequest, { params }: { params: { id: string; }; }) => Promise<NextResponse<{ error: string; code: string; }> | NextResponse<{ success: boolean; }>>' is not assignable to type '(request: NextRequest, context: { params: Promise<{ id: string; }>; }) => void | Response | Promise<void | Response>'.
      Types of parameters '__1' and 'context' are incompatible.
        Type '{ params: Promise<{ id: string; }>; }' is not assignable to type '{ params: { id: string; }; }'.
          Types of property 'params' are incompatible.
            Property 'id' is missing in type 'Promise<{ id: string; }>' but required in type '{ id: string; }'.
scratch/debug_posts.ts(1,35): error TS2307: Cannot find module './src/infrastructure/db/connect' or its corresponding type declarations.
scratch/debug_posts.ts(2,27): error TS2307: Cannot find module './src/infrastructure/db/models/Post' or its corresponding type declarations.
src/app/api/chats/[id]/route.ts(112,50): error TS7006: Parameter 'p' implicitly has an 'any' type.
src/app/api/users/search/route.ts(20,49): error TS2554: Expected 1 arguments, but got 2.
src/app/profile/page.tsx(218,37): error TS2339: Property 'profilePhoto' does not exist on type 'User'.
src/application/services/MessageService.ts(127,62): error TS2353: Object literal may only specify known properties, and 'messageId' does not exist in type '{ contentId?: string | undefined; chatId?: string | undefined; commentId?: string | undefined; link?: string | undefined; }'.
src/application/services/MessageService.ts(276,9): error TS2353: Object literal may only specify known properties, and 'isSystemMessage' does not exist in type 'MessageEventPayload'.
src/application/services/MessageService.ts(336,9): error TS2353: Object literal may only specify known properties, and 'isSystemMessage' does not exist in type 'MessageEventPayload'.
src/components/chat/MessageInput.tsx(90,24): error TS2304: Cannot find name 'filteredParticipants'.
src/components/chat/MessageInput.tsx(92,12): error TS2304: Cannot find name 'filteredParticipants'.
src/components/chat/MessageInput.tsx(92,38): error TS7006: Parameter 'p' implicitly has an 'any' type.
src/components/profile/EditProfileModal.tsx(17,74): error TS2339: Property 'profilePhoto' does not exist on type 'User'.
src/infrastructure/db/models/Comment.ts(12,18): error TS2430: Interface 'ICommentDocument' incorrectly extends interface 'Omit<Comment, "id">'.
  Types of property 'mentions' are incompatible.
    Type 'any[] | ObjectId[] | undefined' is not assignable to type 'string[] | undefined'.
      Type 'ObjectId[]' is not assignable to type 'string[]'.
        Type 'ObjectId' is not assignable to type 'string'.
src/infrastructure/db/models/Conversation.ts(12,18): error TS2430: Interface 'IConversationDocument' incorrectly extends interface 'Omit<Conversation, "id">'.
  Types of property 'participants' are incompatible.
    Type 'any[] | ObjectId[]' is not assignable to type 'string[]'.
      Type 'ObjectId[]' is not assignable to type 'string[]'.
        Type 'ObjectId' is not assignable to type 'string'.
src/infrastructure/db/models/Message.ts(10,18): error TS2430: Interface 'IMessageDocument' incorrectly extends interface 'Omit<Message, "id">'.
  Types of property 'readBy' are incompatible.
    Type 'ObjectId[]' is not assignable to type 'string[]'.
      Type 'ObjectId' is not assignable to type 'string'.
src/infrastructure/db/models/Post.ts(27,3): error TS2353: Object literal may only specify known properties, and 'likeCount' does not exist in type 'IPostDocument | { images?: SchemaDefinitionProperty<string[] | undefined, IPostDocument, Document<unknown, {}, IPostDocument, { id: string; }, DefaultSchemaOptions> & Omit<...> & { ...; }> | undefined; ... 9 more ...; updatedAt?: SchemaDefinitionProperty<...> | undefined; }'.
src/infrastructure/redis/redisClient.ts(40,7): error TS2322: Type 'number' is not assignable to type 'boolean | undefined'.
src/infrastructure/repositories/CommentRepository.ts(46,7): error TS2561: Object literal may only specify known properties, but 'author' does not exist in type 'Comment'. Did you mean to write 'authorId'?
src/infrastructure/repositories/PostRepository.ts(104,21): error TS2339: Property 'likeCount' does not exist on type 'Document<unknown, {}, IPostDocument, {}, DefaultSchemaOptions> & IPostDocument & Required<{ _id: ObjectId; }> & { ...; } & { ...; }'.
src/infrastructure/repositories/PostRepository.ts(105,19): error TS2339: Property 'likeCount' does not exist on type 'Document<unknown, {}, IPostDocument, {}, DefaultSchemaOptions> & IPostDocument & Required<{ _id: ObjectId; }> & { ...; } & { ...; }'.
src/infrastructure/repositories/PostRepository.ts(110,31): error TS2339: Property 'likeCount' does not exist on type 'Document<unknown, {}, IPostDocument, {}, DefaultSchemaOptions> & IPostDocument & Required<{ _id: ObjectId; }> & { ...; } & { ...; }'.
src/infrastructure/repositories/UserRepository.ts(15,10): error TS2614: Module '"mongoose"' has no exported member 'FilterQuery'. Did you mean to use 'import FilterQuery from "mongoose"' instead?
src/infrastructure/socket/socketServer.ts(210,26): error TS2304: Cannot find name 'buildUserRoom'.
